// Bun Snapshot v1, https://bun.sh/docs/test/snapshots

exports[`generateProvider generates provider with resources and data sources 1`] = `
"import type { TerraformStack, TokenString, TerraformResourceConfig, TerraformDataSourceConfig, TerraformProviderConfig, TfString, TfNumber, TfBoolean, TfStringList, TfNumberList, TfStringMap } from "terraform-ts";
import { TerraformProvider, TerraformResource, TerraformDataSource } from "terraform-ts";

export type SimpleConfig = {
  readonly apiKey: TfString;
  readonly region?: TfString;
} & TerraformProviderConfig;

export class SimpleProvider extends TerraformProvider {
  constructor(scope: TerraformStack, id: string, config: SimpleConfig = {}) {
    super(scope, id, "registry.terraform.io/hashicorp/simple", {
      api_key: config.apiKey,
      region: config.region,
    }, config);
  }
}

export type SimpleResourceConfigConfig = {
  readonly key: TfString;
  readonly value?: TfString;
};

export type SimpleResourceConfigItems = {
  readonly name: TfString;
};

export type SimpleResourceConfig = {
  readonly id?: TfString;
  readonly name: TfString;
  readonly enabled?: TfBoolean;
  readonly count?: TfNumber;
  readonly tags?: TfStringMap;
  readonly config?: SimpleResourceConfigConfig;
  readonly items: readonly SimpleResourceConfigItems[];
} & TerraformResourceConfig;

export class SimpleResource extends TerraformResource {
  constructor(scope: TerraformStack, id: string, config: SimpleResourceConfig) {
    super(scope, id, "simple_resource", {
      id: config.id,
      name: config.name,
      enabled: config.enabled,
      count: config.count,
      tags: config.tags,
      config: config.config,
      items: config.items,
    }, config);
  }

  get id(): TokenString {
    return this.getStringAttribute("id");
  }
}

export type DataSimpleDataConfig = {
  readonly id: TfString;
  readonly name?: TfString;
} & TerraformDataSourceConfig;

export class DataSimpleData extends TerraformDataSource {
  constructor(scope: TerraformStack, id: string, config: DataSimpleDataConfig) {
    super(scope, id, "simple_data", {
      id: config.id,
      name: config.name,
    }, config);
  }

  get name(): TokenString {
    return this.getStringAttribute("name");
  }
}"
`;
